"Initialize-1"		*		INITIALIZE_1		0
"Initialize-2"		*		INITIALIZE_2		0
"Initialize-3 3V"	*		INITIALIZE_3_3V		0
"Intialize-3 5V"	*		INITIALIZE_3_5V		0
"SET-BLOCK-NUM"		*		SET_BLOCK_NUM(12)	12
"CHECKSUM-SETUP"	CY8C27xxx	CHECKSUM_SETUP(256)	0
"CHECKSUM-SETUP"	CY8C21x23	CHECKSUM_SETUP(64)	0
"CHECKSUM-SETUP"	CY8C21x34	CHECKSUM_SETUP(128)	0
"CHECKSUM-SETUP"	CY8C22xxx	CHECKSUM_SETUP(32)	0
"VERIFY-SETUP"		*		VERIFY_SETUP		0
"PROGRAM-BLOCK"		CY8C21xxx	PROGRAM_BLOCK_REGULAR	0
"PROGRAM-BLOCK"		CY8C27xxx	PROGRAM_BLOCK_CY8C27xxx	0
"READ-BYTE"		*		READ_BYTE(20)		20
"ERASE"			*		ERASE			0
"ID-SETUP"		*		ID_SETUP		0
"SECURE"		CY8C21xxx	SECURE_REGULAR		0
"SECURE"		CY8C27xxx	SECURE_CY8C27xxx	0
"WRITE-BYTE"		*		WRITE_BYTE(30,200)	0x1ec8
"READ-ID-WORD"		CY8C27143	READ_ID_WORD		ID_CY8C27143
"READ-ID-WORD"		CY8C27243	READ_ID_WORD		ID_CY8C27243
"READ-ID-WORD"		CY8C27443	READ_ID_WORD		ID_CY8C27443
"READ-ID-WORD"		CY8C27543	READ_ID_WORD		ID_CY8C27543
"READ-ID-WORD"		CY8C27643	READ_ID_WORD		ID_CY8C27643
"READ-ID-WORD"		CY8C24123	READ_ID_WORD		ID_CY8C24123
"READ-ID-WORD"		CY8C24223	READ_ID_WORD		ID_CY8C24223
"READ-ID-WORD"		CY8C24423	READ_ID_WORD		ID_CY8C24423
"READ-ID-WORD"		CY8C22113	READ_ID_WORD		ID_CY8C22113
"READ-ID-WORD"		CY8C22213	READ_ID_WORD		ID_CY8C22213
"READ-ID-WORD"		CY8C21123	READ_ID_WORD		ID_CY8C21123
"READ-ID-WORD"		CY8C21223	READ_ID_WORD		ID_CY8C21223
"READ-ID-WORD"		CY8C21323	READ_ID_WORD		ID_CY8C21323
"READ-ID-WORD"		CY8C21234	READ_ID_WORD		ID_CY8C21234
"READ-ID-WORD"		CY8C21334	READ_ID_WORD		ID_CY8C21334
"READ-ID-WORD"		CY8C21434	READ_ID_WORD		ID_CY8C21434
"READ-ID-WORD"		CY8C21534	READ_ID_WORD		ID_CY8C21534
"READ-ID-WORD"		CY8C21634	READ_ID_WORD		ID_CY8C21634
